// Jest Snapshot v1, https://goo.gl/fbAQLP

exports[`spacing plugin generates correct css 1`] = `""`;
